
> autobyteus-web-design@0.1.0 build /Users/normy/autobyteus_org/autobyteus-web-design-worktrees/restore-native-workspace-folder-picker
> nuxt build

┌  Building Nuxt for production...
│
●  Nuxt 3.21.11 (with Nitro 2.13.4, Vite 7.3.6 and Vue 3.5.41)
│
●  Nitro preset: node-server

 WARN  Duplicated imports "getters", the one from "/Users/normy/autobyteus_org/autobyteus-web-design-worktrees/restore-native-workspace-folder-picker/stores/agentTeamContextsStore.ts" has been ignored and "/Users/normy/autobyteus_org/autobyteus-web-design-worktrees/restore-native-workspace-folder-picker/stores/serverStore.ts" is used


 WARN  Duplicated imports "getters", the one from "/Users/normy/autobyteus_org/autobyteus-web-design-worktrees/restore-native-workspace-folder-picker/stores/agentSelectionStore.ts" has been ignored and "/Users/normy/autobyteus_org/autobyteus-web-design-worktrees/restore-native-workspace-folder-picker/stores/serverStore.ts" is used

ℹ Building client...
ℹ vite v7.3.6 building client environment for production...
ℹ transforming...
Duplicated imports "getters", the one from "/Users/normy/autobyteus_org/autobyteus-web-design-worktrees/restore-native-workspace-folder-picker/stores/agentTeamContextsStore.ts" has been ignored and "/Users/normy/autobyteus_org/autobyteus-web-design-worktrees/restore-native-workspace-folder-picker/stores/serverStore.ts" is used
Duplicated imports "getters", the one from "/Users/normy/autobyteus_org/autobyteus-web-design-worktrees/restore-native-workspace-folder-picker/stores/agentSelectionStore.ts" has been ignored and "/Users/normy/autobyteus_org/autobyteus-web-design-worktrees/restore-native-workspace-folder-picker/stores/serverStore.ts" is used
ℹ ✓ 4139 modules transformed.
ℹ rendering chunks...
ℹ computing gzip size...
ℹ .nuxt/dist/client/_nuxt/KaTeX_Size3-Regular.CTq5MqoE.woff                    4.42 kB
ℹ .nuxt/dist/client/_nuxt/KaTeX_Size4-Regular.Dl5lxZxV.woff2                   4.93 kB
ℹ .nuxt/dist/client/_nuxt/KaTeX_Size2-Regular.Dy4dx90m.woff2                   5.21 kB
ℹ .nuxt/dist/client/_nuxt/KaTeX_Size1-Regular.mCD8mA8B.woff2                   5.47 kB
ℹ .nuxt/dist/client/_nuxt/KaTeX_Size4-Regular.BF-4gkZK.woff                    5.98 kB
ℹ .nuxt/dist/client/_nuxt/KaTeX_Size2-Regular.oD1tc_U0.woff                    6.19 kB
ℹ .nuxt/dist/client/_nuxt/KaTeX_Size1-Regular.C195tn64.woff                    6.50 kB
ℹ .nuxt/dist/client/_nuxt/KaTeX_Caligraphic-Regular.Di6jR-x-.woff2             6.91 kB
ℹ .nuxt/dist/client/_nuxt/KaTeX_Caligraphic-Bold.Dq_IR9rO.woff2                6.91 kB
ℹ .nuxt/dist/client/_nuxt/KaTeX_Size3-Regular.DgpXs0kz.ttf                     7.59 kB
ℹ .nuxt/dist/client/_nuxt/KaTeX_Caligraphic-Regular.CTRA-rTL.woff              7.66 kB
ℹ .nuxt/dist/client/_nuxt/KaTeX_Caligraphic-Bold.BEiXGLvX.woff                 7.72 kB
ℹ .nuxt/dist/client/_nuxt/KaTeX_Script-Regular.D3wIWfF6.woff2                  9.64 kB
ℹ .nuxt/dist/client/_nuxt/KaTeX_SansSerif-Regular.DDBCnlJ7.woff2              10.34 kB
ℹ .nuxt/dist/client/_nuxt/KaTeX_Size4-Regular.DWFBv043.ttf                    10.36 kB
ℹ .nuxt/dist/client/_nuxt/KaTeX_Script-Regular.D5yQViql.woff                  10.59 kB
ℹ .nuxt/dist/client/_nuxt/KaTeX_Fraktur-Regular.CTYiF6lA.woff2                11.32 kB
ℹ .nuxt/dist/client/_nuxt/KaTeX_Fraktur-Bold.CL6g_b3V.woff2                   11.35 kB
ℹ .nuxt/dist/client/_nuxt/KaTeX_Size2-Regular.B7gKUWhC.ttf                    11.51 kB
ℹ .nuxt/dist/client/_nuxt/KaTeX_SansSerif-Italic.C3H0VqGB.woff2               12.03 kB
ℹ .nuxt/dist/client/_nuxt/KaTeX_SansSerif-Bold.D1sUS0GD.woff2                 12.22 kB
ℹ .nuxt/dist/client/_nuxt/KaTeX_Size1-Regular.Dbsnue_I.ttf                    12.23 kB
ℹ .nuxt/dist/client/_nuxt/KaTeX_SansSerif-Regular.CS6fqUqJ.woff               12.32 kB
ℹ .nuxt/dist/client/_nuxt/KaTeX_Caligraphic-Regular.wX97UBjC.ttf              12.34 kB
ℹ .nuxt/dist/client/_nuxt/KaTeX_Caligraphic-Bold.ATXxdsX0.ttf                 12.37 kB
ℹ .nuxt/dist/client/_nuxt/KaTeX_Fraktur-Regular.Dxdc4cR9.woff                 13.21 kB
ℹ .nuxt/dist/client/_nuxt/KaTeX_Fraktur-Bold.BsDP51OF.woff                    13.30 kB
ℹ .nuxt/dist/client/_nuxt/KaTeX_Typewriter-Regular.CO6r4hn1.woff2             13.57 kB
ℹ .nuxt/dist/client/_nuxt/KaTeX_SansSerif-Italic.DN2j7dab.woff                14.11 kB
ℹ .nuxt/dist/client/_nuxt/KaTeX_SansSerif-Bold.DbIhKOiC.woff                  14.41 kB
ℹ .nuxt/dist/client/_nuxt/KaTeX_Typewriter-Regular.C0xS9mPB.woff              16.03 kB
ℹ .nuxt/dist/client/_nuxt/KaTeX_Math-BoldItalic.CZnvNsCZ.woff2                16.40 kB
ℹ .nuxt/dist/client/_nuxt/KaTeX_Math-Italic.t53AETM-.woff2                    16.44 kB
ℹ .nuxt/dist/client/_nuxt/KaTeX_Script-Regular.C5JkGWo-.ttf                   16.65 kB
ℹ .nuxt/dist/client/_nuxt/KaTeX_Main-BoldItalic.DxDJ3AOS.woff2                16.78 kB
ℹ .nuxt/dist/client/_nuxt/KaTeX_Main-Italic.NWA7e6Wa.woff2                    16.99 kB
ℹ .nuxt/dist/client/_nuxt/KaTeX_Math-BoldItalic.iY-2wyZ7.woff                 18.67 kB
ℹ .nuxt/dist/client/_nuxt/KaTeX_Math-Italic.DA0__PXp.woff                     18.75 kB
ℹ .nuxt/dist/client/_nuxt/KaTeX_Main-BoldItalic.SpSLRI95.woff                 19.41 kB
ℹ .nuxt/dist/client/_nuxt/KaTeX_SansSerif-Regular.BNo7hRIc.ttf                19.44 kB
ℹ .nuxt/dist/client/_nuxt/KaTeX_Fraktur-Regular.CB_wures.ttf                  19.57 kB
ℹ .nuxt/dist/client/_nuxt/KaTeX_Fraktur-Bold.BdnERNNW.ttf                     19.58 kB
ℹ .nuxt/dist/client/_nuxt/KaTeX_Main-Italic.BMLOBm91.woff                     19.68 kB
ℹ .nuxt/dist/client/_nuxt/KaTeX_SansSerif-Italic.YYjJ1zSn.ttf                 22.36 kB
ℹ .nuxt/dist/client/_nuxt/KaTeX_SansSerif-Bold.CFMepnvq.ttf                   24.50 kB
ℹ .nuxt/dist/client/_nuxt/KaTeX_Main-Bold.Cx986IdX.woff2                      25.32 kB
ℹ .nuxt/dist/client/_nuxt/KaTeX_Main-Regular.B22Nviop.woff2                   26.27 kB
ℹ .nuxt/dist/client/_nuxt/KaTeX_Typewriter-Regular.D3Ib7_Hf.ttf               27.56 kB
ℹ .nuxt/dist/client/_nuxt/KaTeX_AMS-Regular.BQhdFMY1.woff2                    28.08 kB
ℹ .nuxt/dist/client/_nuxt/KaTeX_Main-Bold.Jm3AIy58.woff                       29.91 kB
ℹ .nuxt/dist/client/_nuxt/KaTeX_Main-Regular.Dr94JaBh.woff                    30.77 kB
ℹ .nuxt/dist/client/_nuxt/KaTeX_Math-BoldItalic.B3XSjfu4.ttf                  31.20 kB
ℹ .nuxt/dist/client/_nuxt/KaTeX_Math-Italic.flOr_0UB.ttf                      31.31 kB
ℹ .nuxt/dist/client/_nuxt/KaTeX_Main-BoldItalic.DzxPMmG6.ttf                  32.97 kB
ℹ .nuxt/dist/client/_nuxt/KaTeX_AMS-Regular.DMm9YOAa.woff                     33.52 kB
ℹ .nuxt/dist/client/_nuxt/KaTeX_Main-Italic.3WenGoN9.ttf                      33.58 kB
ℹ .nuxt/dist/client/_nuxt/KaTeX_Main-Bold.waoOVXN0.ttf                        51.34 kB
ℹ .nuxt/dist/client/_nuxt/KaTeX_Main-Regular.ypZvNtVU.ttf                     53.58 kB
ℹ .nuxt/dist/client/_nuxt/KaTeX_AMS-Regular.DRggAlZN.ttf                      63.63 kB
ℹ .nuxt/dist/client/manifest.json                                             84.33 kB │ gzip:     8.01 kB
ℹ .nuxt/dist/client/_nuxt/ConfirmationModal.DtxxR2Ew.css                       0.20 kB │ gzip:     0.12 kB
ℹ .nuxt/dist/client/_nuxt/media.yjOJmL4q.css                                   0.23 kB │ gzip:     0.13 kB
ℹ .nuxt/dist/client/_nuxt/DefinitionLaunchPreferencesSection.B4uhkLvJ.css      0.28 kB │ gzip:     0.15 kB
ℹ .nuxt/dist/client/_nuxt/FullScreenImageModal.aod6xn15.css                    0.35 kB │ gzip:     0.17 kB
ℹ .nuxt/dist/client/_nuxt/index.Ry8kLlou.css                                   0.56 kB │ gzip:     0.26 kB
ℹ .nuxt/dist/client/_nuxt/index.DIm5b6ai.css                                   0.63 kB │ gzip:     0.27 kB
ℹ .nuxt/dist/client/_nuxt/chat.DPPacN-G.css                                    0.74 kB │ gzip:     0.38 kB
ℹ .nuxt/dist/client/_nuxt/ProjectTaskRow.BuOUigwA.css                          0.85 kB │ gzip:     0.29 kB
ℹ .nuxt/dist/client/_nuxt/FileExplorerTabs.C-dH998s.css                        3.20 kB │ gzip:     1.02 kB
ℹ .nuxt/dist/client/_nuxt/settings.CK7L0IRc.css                                4.29 kB │ gzip:     1.32 kB
ℹ .nuxt/dist/client/_nuxt/SystemInstructionActivityItem.Cztqrppu.css           4.37 kB │ gzip:     1.43 kB
ℹ .nuxt/dist/client/_nuxt/default.CDWuNMG4.css                                 5.16 kB │ gzip:     1.18 kB
ℹ .nuxt/dist/client/_nuxt/useWorkspaceFileContentVisible.D3bf2uHq.css         10.57 kB │ gzip:     2.69 kB
ℹ .nuxt/dist/client/_nuxt/skills.OWLc2dxt.css                                 14.84 kB │ gzip:     3.18 kB
ℹ .nuxt/dist/client/_nuxt/useWorkspaceFileExplorer.BDmCM1v9.css               50.82 kB │ gzip:    13.14 kB
ℹ .nuxt/dist/client/_nuxt/entry.D20VWAQ-.css                                 128.61 kB │ gzip:    20.20 kB
ℹ .nuxt/dist/client/_nuxt/BngsQHRb.js                                          0.09 kB │ gzip:     0.10 kB
ℹ .nuxt/dist/client/_nuxt/C4TH-_y8.js                                          0.10 kB │ gzip:     0.11 kB
ℹ .nuxt/dist/client/_nuxt/Gi6I4Gst.js                                          0.15 kB │ gzip:     0.13 kB
ℹ .nuxt/dist/client/_nuxt/HOLLpIRP.js                                          0.18 kB │ gzip:     0.15 kB
ℹ .nuxt/dist/client/_nuxt/DE5x0ZvI.js                                          0.21 kB │ gzip:     0.16 kB
ℹ .nuxt/dist/client/_nuxt/f27lcHE7.js                                          0.22 kB │ gzip:     0.20 kB
ℹ .nuxt/dist/client/_nuxt/B71Loh6k.js                                          0.23 kB │ gzip:     0.20 kB
ℹ .nuxt/dist/client/_nuxt/BgRl-FvD.js                                          0.26 kB │ gzip:     0.21 kB
ℹ .nuxt/dist/client/_nuxt/EfIP0VbM.js                                          0.32 kB │ gzip:     0.25 kB
ℹ .nuxt/dist/client/_nuxt/Co_uxccL.js                                          0.35 kB │ gzip:     0.25 kB
ℹ .nuxt/dist/client/_nuxt/CY8n9gHp.js                                          0.35 kB │ gzip:     0.26 kB
ℹ .nuxt/dist/client/_nuxt/rQuh9zxj.js                                          0.36 kB │ gzip:     0.26 kB
ℹ .nuxt/dist/client/_nuxt/DNlULRoc.js                                          0.39 kB │ gzip:     0.26 kB
ℹ .nuxt/dist/client/_nuxt/DSxnl9ip.js                                          0.39 kB │ gzip:     0.26 kB
ℹ .nuxt/dist/client/_nuxt/Ajwyxgg0.js                                          0.40 kB │ gzip:     0.22 kB
ℹ .nuxt/dist/client/_nuxt/DlO78pkP.js                                          0.43 kB │ gzip:     0.31 kB
ℹ .nuxt/dist/client/_nuxt/Ck_xMc16.js                                          0.44 kB │ gzip:     0.31 kB
ℹ .nuxt/dist/client/_nuxt/DTVpFrOk.js                                          0.46 kB │ gzip:     0.30 kB
ℹ .nuxt/dist/client/_nuxt/DpX7ID-v.js                                          0.48 kB │ gzip:     0.23 kB
ℹ .nuxt/dist/client/_nuxt/D5WgQ9ep.js                                          0.49 kB │ gzip:     0.33 kB
ℹ .nuxt/dist/client/_nuxt/r8DXHmXi.js                                          0.49 kB │ gzip:     0.35 kB
ℹ .nuxt/dist/client/_nuxt/CrDATc06.js                                          0.51 kB │ gzip:     0.34 kB
ℹ .nuxt/dist/client/_nuxt/DHzQ55HO.js                                          0.56 kB │ gzip:     0.38 kB
ℹ .nuxt/dist/client/_nuxt/CWP2SEmI.js                                          0.57 kB │ gzip:     0.34 kB
ℹ .nuxt/dist/client/_nuxt/CtKrmfeJ.js                                          0.58 kB │ gzip:     0.30 kB
ℹ .nuxt/dist/client/_nuxt/DIlo9G3C.js                                          0.92 kB │ gzip:     0.56 kB
ℹ .nuxt/dist/client/_nuxt/DxkHg4aj.js                                          0.93 kB │ gzip:     0.53 kB
ℹ .nuxt/dist/client/_nuxt/DyQDGZ68.js                                          1.05 kB │ gzip:     0.56 kB
ℹ .nuxt/dist/client/_nuxt/CdUwI-Mt.js                                          1.09 kB │ gzip:     0.59 kB
ℹ .nuxt/dist/client/_nuxt/CmKTTxBW.js                                          1.18 kB │ gzip:     0.57 kB
ℹ .nuxt/dist/client/_nuxt/MvFc1sbJ.js                                          1.36 kB │ gzip:     0.72 kB
ℹ .nuxt/dist/client/_nuxt/BI0Md2m_.js                                          1.37 kB │ gzip:     0.65 kB
ℹ .nuxt/dist/client/_nuxt/CawK_gao.js                                          1.40 kB │ gzip:     0.62 kB
ℹ .nuxt/dist/client/_nuxt/Cdr3T-dU.js                                          1.44 kB │ gzip:     0.71 kB
ℹ .nuxt/dist/client/_nuxt/C8Rx5C_h.js                                          1.47 kB │ gzip:     0.76 kB
ℹ .nuxt/dist/client/_nuxt/DkDPU_vW.js                                          1.56 kB │ gzip:     0.71 kB
ℹ .nuxt/dist/client/_nuxt/kKJrGFMK.js                                          1.76 kB │ gzip:     0.84 kB
ℹ .nuxt/dist/client/_nuxt/B1mrW11U.js                                          1.82 kB │ gzip:     0.83 kB
ℹ .nuxt/dist/client/_nuxt/1hxQ0rh9.js                                          1.87 kB │ gzip:     0.82 kB
ℹ .nuxt/dist/client/_nuxt/CO-L6DMm.js                                          1.91 kB │ gzip:     0.87 kB
ℹ .nuxt/dist/client/_nuxt/C6-wRxgx.js                                          1.95 kB │ gzip:     0.83 kB
ℹ .nuxt/dist/client/_nuxt/DCnth73V.js                                          1.96 kB │ gzip:     0.99 kB
ℹ .nuxt/dist/client/_nuxt/T7lY2cHW.js                                          1.98 kB │ gzip:     0.98 kB
ℹ .nuxt/dist/client/_nuxt/Briqs4S1.js                                          1.98 kB │ gzip:     0.93 kB
ℹ .nuxt/dist/client/_nuxt/BsAwY7Uw.js                                          2.30 kB │ gzip:     1.06 kB
ℹ .nuxt/dist/client/_nuxt/BwVARoZH.js                                          2.30 kB │ gzip:     0.93 kB
ℹ .nuxt/dist/client/_nuxt/Bv4L8bhO.js                                          2.39 kB │ gzip:     1.01 kB
ℹ .nuxt/dist/client/_nuxt/DlUv8mxs.js                                          2.80 kB │ gzip:     0.69 kB
ℹ .nuxt/dist/client/_nuxt/DltPEE_I.js                                          3.23 kB │ gzip:     1.24 kB
ℹ .nuxt/dist/client/_nuxt/Lbrfic9S.js                                          3.41 kB │ gzip:     1.46 kB
ℹ .nuxt/dist/client/_nuxt/BE8KOlni.js                                          3.42 kB │ gzip:     1.40 kB
ℹ .nuxt/dist/client/_nuxt/9l93Zms9.js                                          3.53 kB │ gzip:     1.63 kB
ℹ .nuxt/dist/client/_nuxt/BibHdjKX.js                                          3.56 kB │ gzip:     1.28 kB
ℹ .nuxt/dist/client/_nuxt/jOh33K6j.js                                          3.83 kB │ gzip:     1.50 kB
ℹ .nuxt/dist/client/_nuxt/wq_PGWiW.js                                          4.12 kB │ gzip:     1.41 kB
ℹ .nuxt/dist/client/_nuxt/B9-B-hV9.js                                          4.17 kB │ gzip:     1.80 kB
ℹ .nuxt/dist/client/_nuxt/DX6XiGOO.js                                          4.69 kB │ gzip:     2.18 kB
ℹ .nuxt/dist/client/_nuxt/BUKbGAz8.js                                          4.69 kB │ gzip:     1.78 kB
ℹ .nuxt/dist/client/_nuxt/DqEnSJnH.js                                          4.74 kB │ gzip:     1.88 kB
ℹ .nuxt/dist/client/_nuxt/BTdLymgx.js                                          4.93 kB │ gzip:     2.01 kB
ℹ .nuxt/dist/client/_nuxt/E3cn29eX.js                                          4.98 kB │ gzip:     1.88 kB
ℹ .nuxt/dist/client/_nuxt/D-wkkVN2.js                                          5.52 kB │ gzip:     2.29 kB
ℹ .nuxt/dist/client/_nuxt/CIZR-P2p.js                                          5.63 kB │ gzip:     2.29 kB
ℹ .nuxt/dist/client/_nuxt/CvWbW3OT.js                                          6.04 kB │ gzip:     2.58 kB
ℹ .nuxt/dist/client/_nuxt/B0J64Igx.js                                          6.24 kB │ gzip:     2.58 kB
ℹ .nuxt/dist/client/_nuxt/CsVj_Ljo.js                                          6.33 kB │ gzip:     2.74 kB
ℹ .nuxt/dist/client/_nuxt/BJ2BXpte.js                                          6.97 kB │ gzip:     2.53 kB
ℹ .nuxt/dist/client/_nuxt/CU4CBid0.js                                          7.38 kB │ gzip:     2.04 kB
ℹ .nuxt/dist/client/_nuxt/DedW-Mm9.js                                          7.92 kB │ gzip:     2.98 kB
ℹ .nuxt/dist/client/_nuxt/BTVyPkFX.js                                          7.99 kB │ gzip:     2.65 kB
ℹ .nuxt/dist/client/_nuxt/D_d58I-t.js                                          8.17 kB │ gzip:     3.63 kB
ℹ .nuxt/dist/client/_nuxt/Dv94uE19.js                                          8.36 kB │ gzip:     2.70 kB
ℹ .nuxt/dist/client/_nuxt/CNF-D9ZL.js                                          8.37 kB │ gzip:     3.46 kB
ℹ .nuxt/dist/client/_nuxt/CKcDmih2.js                                          8.50 kB │ gzip:     2.80 kB
ℹ .nuxt/dist/client/_nuxt/DTXa1aUa.js                                          9.24 kB │ gzip:     1.90 kB
ℹ .nuxt/dist/client/_nuxt/CN7ZS8rX.js                                          9.54 kB │ gzip:     2.43 kB
ℹ .nuxt/dist/client/_nuxt/DCQvDmEr.js                                         10.06 kB │ gzip:     3.60 kB
ℹ .nuxt/dist/client/_nuxt/BOMtwp9x.js                                         10.11 kB │ gzip:     3.98 kB
ℹ .nuxt/dist/client/_nuxt/DJOHkDaX.js                                         10.29 kB │ gzip:     3.57 kB
ℹ .nuxt/dist/client/_nuxt/CZ0JU4RO.js                                         10.67 kB │ gzip:     4.02 kB
ℹ .nuxt/dist/client/_nuxt/BnafDRfF.js                                         10.68 kB │ gzip:     4.10 kB
ℹ .nuxt/dist/client/_nuxt/DZx2RAjY.js                                         11.56 kB │ gzip:     3.60 kB
ℹ .nuxt/dist/client/_nuxt/5G1LKyNI.js                                         13.10 kB │ gzip:     4.64 kB
ℹ .nuxt/dist/client/_nuxt/55M5-dQM.js                                         13.16 kB │ gzip:     4.42 kB
ℹ .nuxt/dist/client/_nuxt/Dg_PfMXR.js                                         14.49 kB │ gzip:     4.62 kB
ℹ .nuxt/dist/client/_nuxt/qjtMHxtn.js                                         15.00 kB │ gzip:     5.08 kB
ℹ .nuxt/dist/client/_nuxt/B-4_LT4N.js                                         15.42 kB │ gzip:     4.70 kB
ℹ .nuxt/dist/client/_nuxt/CDTzYmVD.js                                         15.72 kB │ gzip:     4.39 kB
ℹ .nuxt/dist/client/_nuxt/DoXurpUj.js                                         15.88 kB │ gzip:     5.63 kB
ℹ .nuxt/dist/client/_nuxt/BfcP8mqB.js                                         16.77 kB │ gzip:     4.58 kB
ℹ .nuxt/dist/client/_nuxt/CjUEoFhP.js                                         17.47 kB │ gzip:     6.64 kB
ℹ .nuxt/dist/client/_nuxt/B-EGuPre.js                                         19.79 kB │ gzip:     5.63 kB
ℹ .nuxt/dist/client/_nuxt/DMPdR-dp.js                                         20.04 kB │ gzip:     7.18 kB
ℹ .nuxt/dist/client/_nuxt/DoUw_js_.js                                         20.28 kB │ gzip:     7.18 kB
ℹ .nuxt/dist/client/_nuxt/0SyyyGBF.js                                         22.54 kB │ gzip:     7.51 kB
ℹ .nuxt/dist/client/_nuxt/CbN_aEX2.js                                         22.78 kB │ gzip:     6.67 kB
ℹ .nuxt/dist/client/_nuxt/D_mTl_iC.js                                         23.19 kB │ gzip:     8.53 kB
ℹ .nuxt/dist/client/_nuxt/g3ofenxf.js                                         23.52 kB │ gzip:     7.02 kB
ℹ .nuxt/dist/client/_nuxt/UaEN3IQL.js                                         23.53 kB │ gzip:     8.31 kB
ℹ .nuxt/dist/client/_nuxt/BcWHIxnv.js                                         25.47 kB │ gzip:     6.76 kB
ℹ .nuxt/dist/client/_nuxt/kVsLrzQO.js                                         29.37 kB │ gzip:     8.65 kB
ℹ .nuxt/dist/client/_nuxt/zqaxEMSt.js                                         30.74 kB │ gzip:    10.55 kB
ℹ .nuxt/dist/client/_nuxt/D8ZZjxhg.js                                         30.83 kB │ gzip:    10.14 kB
ℹ .nuxt/dist/client/_nuxt/DU09X9R7.js                                         30.96 kB │ gzip:     9.70 kB
ℹ .nuxt/dist/client/_nuxt/CKdVFsbp.js                                         32.17 kB │ gzip:    10.10 kB
ℹ .nuxt/dist/client/_nuxt/U1biSTlg.js                                         33.98 kB │ gzip:     9.94 kB
ℹ .nuxt/dist/client/_nuxt/BtMS8lyW.js                                         35.42 kB │ gzip:    12.74 kB
ℹ .nuxt/dist/client/_nuxt/B6yelFD1.js                                         38.03 kB │ gzip:    12.44 kB
ℹ .nuxt/dist/client/_nuxt/CX4MHcGa.js                                         38.33 kB │ gzip:     9.54 kB
ℹ .nuxt/dist/client/_nuxt/CdlGbxVv.js                                         41.73 kB │ gzip:    13.56 kB
ℹ .nuxt/dist/client/_nuxt/BVXfGMmT.js                                         41.96 kB │ gzip:    15.69 kB
ℹ .nuxt/dist/client/_nuxt/CghCHUrT.js                                         44.44 kB │ gzip:    12.47 kB
ℹ .nuxt/dist/client/_nuxt/Da3U8dQU.js                                         49.11 kB │ gzip:    15.68 kB
ℹ .nuxt/dist/client/_nuxt/B6KD5-pX.js                                         50.62 kB │ gzip:    13.51 kB
ℹ .nuxt/dist/client/_nuxt/BZ82oDen.js                                         50.64 kB │ gzip:    12.90 kB
ℹ .nuxt/dist/client/_nuxt/C09meERf.js                                         56.58 kB │ gzip:    14.42 kB
ℹ .nuxt/dist/client/_nuxt/C2hx9C3b.js                                         56.99 kB │ gzip:    12.63 kB
ℹ .nuxt/dist/client/_nuxt/DXVrGTcX.js                                         61.76 kB │ gzip:    19.81 kB
ℹ .nuxt/dist/client/_nuxt/gpAvCi2N.js                                         65.45 kB │ gzip:    18.77 kB
ℹ .nuxt/dist/client/_nuxt/C5MXh5k1.js                                         69.67 kB │ gzip:    23.53 kB
ℹ .nuxt/dist/client/_nuxt/DAJxOsNs.js                                         81.68 kB │ gzip:    22.46 kB
ℹ .nuxt/dist/client/_nuxt/5IA_mtII.js                                         98.69 kB │ gzip:    24.39 kB
ℹ .nuxt/dist/client/_nuxt/BXrAP765.js                                         98.93 kB │ gzip:    23.02 kB
ℹ .nuxt/dist/client/_nuxt/Bd5QHOuX.js                                        100.42 kB │ gzip:    27.97 kB
ℹ .nuxt/dist/client/_nuxt/CziHtspF.js                                        107.16 kB │ gzip:    31.26 kB
ℹ .nuxt/dist/client/_nuxt/qUD9-paS.js                                        115.50 kB │ gzip:    31.13 kB
ℹ .nuxt/dist/client/_nuxt/CDXciscJ.js                                        115.79 kB │ gzip:    42.51 kB
ℹ .nuxt/dist/client/_nuxt/BBtlTCew.js                                        116.93 kB │ gzip:    31.08 kB
ℹ .nuxt/dist/client/_nuxt/C5DeBOAD.js                                        151.78 kB │ gzip:    43.08 kB
ℹ .nuxt/dist/client/_nuxt/VKBSZrif.js                                        290.88 kB │ gzip:    64.33 kB
ℹ .nuxt/dist/client/_nuxt/yzknjiTM.js                                        443.04 kB │ gzip:   141.98 kB
ℹ .nuxt/dist/client/_nuxt/CoR0h2KS.js                                        687.72 kB │ gzip:   151.77 kB
ℹ .nuxt/dist/client/_nuxt/DSJuCe5l.js                                        737.13 kB │ gzip:   196.65 kB
ℹ .nuxt/dist/client/_nuxt/BK7AMaVY.js                                      3,371.71 kB │ gzip:   543.37 kB
ℹ .nuxt/dist/client/_nuxt/C-xPd4hs.js                                      3,973.72 kB │ gzip: 1,246.64 kB

 WARN 
(!) Some chunks are larger than 500 kB after minification. Consider:
- Using dynamic import() to code-split the application
- Use build.rollupOptions.output.manualChunks to improve chunking: https://rollupjs.org/configuration-options/#output-manualchunks
- Adjust chunk size limit for this warning via build.chunkSizeWarningLimit.

ℹ ✓ built in 18.75s
✔ Client built in 18763ms
ℹ Building server...
ℹ vite v7.3.6 building ssr environment for production...
ℹ transforming...
ℹ ✓ 1 modules transformed.
ℹ rendering chunks...
ℹ ✓ built in 13ms
✔ Server built in 76ms
[nitro] ✔ Generated public .output/public
[nitro] ℹ Building Nuxt Nitro server (preset: node-server, compatibility date: 2024-07-22)
[nitro] ✔ Nuxt Nitro server built
  ├─ .output/server/chunks/_/error-500.mjs (4.9 kB) (2.06 kB gzip)
  ├─ .output/server/chunks/_/error-500.mjs.map (322 B) (244 B gzip)
  ├─ .output/server/chunks/build/client.precomputed.mjs (339 kB) (17.6 kB gzip)
  ├─ .output/server/chunks/build/client.precomputed.mjs.map (210 kB) (5.25 kB gzip)
  ├─ .output/server/chunks/nitro/nitro.mjs (241 kB) (55.6 kB gzip)
  ├─ .output/server/chunks/nitro/nitro.mjs.map (6.45 kB) (1.06 kB gzip)
  ├─ .output/server/chunks/routes/renderer.mjs (11.4 kB) (3.88 kB gzip)
  ├─ .output/server/chunks/routes/renderer.mjs.map (1.62 kB) (368 B gzip)
  ├─ .output/server/chunks/virtual/_virtual_spa-template.mjs (94 B) (100 B gzip)
  ├─ .output/server/chunks/virtual/_virtual_spa-template.mjs.map (90 B) (98 B gzip)
  ├─ .output/server/index.mjs (353 B) (204 B gzip)
  └─ .output/server/package.json (668 B) (304 B gzip)
Σ Total size: 2.33 MB (453 kB gzip)
[nitro] ✔ You can preview this build using node .output/server/index.mjs
│
└  ✨ Build complete!
